<result a="98" b="9604"/><result a="91" b="8281"/><result a="84" b="7056"/><result a="77" b="5929"/><result a="70" b="4900"/><result a="63" b="3969"/><result a="56" b="3136"/><result a="49" b="2401"/><result a="42" b="1764"/><result a="35" b="1225"/><result a="28" b="784"/><result a="21" b="441"/><result a="14" b="196"/><result a="7" b="49"/>