<result>one two three</result><result>one </result><result>true</result><result>two</result>