osterich
key: a, value: (antelope)
key: e, value: (elephant, eagle)
key: o, value: (osterich)
key: t, value: (terrapin)
key: z, value: (zebra)

