<json type="object"><pair name="firstName" type="string">John</pair><pair name="lastName" type="string">Smith</pair><pair name="age" type="number">25</pair><pair name="lala" type="boolean">true</pair><pair name="noggin" type="null"/><pair name="char test" type="string">"\
	A</pair><pair name="address" type="object"><pair name="streetAddress" type="string">21 2nd Street</pair><pair name="city" type="string">New York</pair><pair name="state" type="string">NY</pair><pair name="postalCode" type="string">10021</pair></pair><pair name="phoneNumber" type="array"><item type="object"><pair name="type" type="string">home</pair><pair name="number" type="string">212 555-1234</pair></item><item type="object"><pair name="type" type="string">fax</pair><pair name="number" type="string">646 555-4567</pair></item></pair></json>
{"firstName":"John","lastName":"Smith","age":25,"lala":true,"noggin":null,"char test":"\"\\\n\tA","address":{"streetAddress":"21 2nd Street","city":"New York","state":"NY","postalCode":"10021"},"phoneNumber":[{"type":"home","number":"212 555-1234"},{"type":"fax","number":"646 555-4567"}]}
