<elem xmlns="http://default.org/ns">test</elem><elem xmlns="http://default.org/ns">test</elem><a:elem xmlns:a="http://custom.org/ns">test</a:elem><a:node xmlns:a="http://custom.org/ns" attr="test"/><a:node xmlns:a="http://custom.org/ns" attr="test"/><a:node xmlns:a="http://custom.org/ns" xmlns:ns_1="http://anamespa.ce" ns_1:attr="test"/><a:node xmlns:a="http://custom.org/ns" a:attr="test"/><original xmlns="www.mynamespace.com">Original Content</original>