<result>
<test><b>13</b><b>13</b></test>
<test><b>13</b><b>776 13</b></test>
<test><b>13 10</b></test>
<test><b>13</b><b>776 10</b></test>
<test><b>13</b><b>133</b></test>
<test><b>13</b><b>776 133</b></test>
<test><b>13</b><b>9</b></test>
<test><b>13</b><b>776 9</b></test>
<test><b>13</b><b>97</b></test>
<test><b>13</b><b>776 97</b></test>
<test><b>13</b><b>65</b></test>
<test><b>13</b><b>776 65</b></test>
<test><b>13</b><b>443</b></test>
<test><b>13</b><b>776 443</b></test>
<test><b>13</b><b>48</b></test>
<test><b>13</b><b>776 48</b></test>
<test><b>13</b><b>46</b></test>
<test><b>13</b><b>776 46</b></test>
<test><b>13</b><b>33</b></test>
<test><b>13</b><b>776 33</b></test>
<test><b>13</b><b>34</b></test>
<test><b>13</b><b>776 34</b></test>
<test><b>13</b><b>44</b></test>
<test><b>13</b><b>776 44</b></test>
<test><b>13</b><b>173</b></test>
<test><b>13</b><b>776 173</b></test>
<test><b>13</b><b>768</b></test>
<test><b>13</b><b>776 768</b></test>
<test><b>10</b><b>13</b></test>
<test><b>10</b><b>776 13</b></test>
<test><b>10</b><b>10</b></test>
<test><b>10</b><b>776 10</b></test>
<test><b>10</b><b>133</b></test>
<test><b>10</b><b>776 133</b></test>
<test><b>10</b><b>9</b></test>
<test><b>10</b><b>776 9</b></test>
<test><b>10</b><b>97</b></test>
<test><b>10</b><b>776 97</b></test>
<test><b>10</b><b>65</b></test>
<test><b>10</b><b>776 65</b></test>
<test><b>10</b><b>443</b></test>
<test><b>10</b><b>776 443</b></test>
<test><b>10</b><b>48</b></test>
<test><b>10</b><b>776 48</b></test>
<test><b>10</b><b>46</b></test>
<test><b>10</b><b>776 46</b></test>
<test><b>10</b><b>33</b></test>
<test><b>10</b><b>776 33</b></test>
<test><b>10</b><b>34</b></test>
<test><b>10</b><b>776 34</b></test>
<test><b>10</b><b>44</b></test>
<test><b>10</b><b>776 44</b></test>
<test><b>10</b><b>173</b></test>
<test><b>10</b><b>776 173</b></test>
<test><b>10</b><b>768</b></test>
<test><b>10</b><b>776 768</b></test>
<test><b>133</b><b>13</b></test>
<test><b>133</b><b>776 13</b></test>
<test><b>133</b><b>10</b></test>
<test><b>133</b><b>776 10</b></test>
<test><b>133</b><b>133</b></test>
<test><b>133</b><b>776 133</b></test>
<test><b>133</b><b>9</b></test>
<test><b>133</b><b>776 9</b></test>
<test><b>133</b><b>97</b></test>
<test><b>133</b><b>776 97</b></test>
<test><b>133</b><b>65</b></test>
<test><b>133</b><b>776 65</b></test>
<test><b>133</b><b>443</b></test>
<test><b>133</b><b>776 443</b></test>
<test><b>133</b><b>48</b></test>
<test><b>133</b><b>776 48</b></test>
<test><b>133</b><b>46</b></test>
<test><b>133</b><b>776 46</b></test>
<test><b>133</b><b>33</b></test>
<test><b>133</b><b>776 33</b></test>
<test><b>133</b><b>34</b></test>
<test><b>133</b><b>776 34</b></test>
<test><b>133</b><b>44</b></test>
<test><b>133</b><b>776 44</b></test>
<test><b>133</b><b>173</b></test>
<test><b>133</b><b>776 173</b></test>
<test><b>133</b><b>768</b></test>
<test><b>133</b><b>776 768</b></test>
<test><b>9 13</b></test>
<test><b>9 776 13</b></test>
<test><b>9 10</b></test>
<test><b>9 776 10</b></test>
<test><b>9 133</b></test>
<test><b>9 776 133</b></test>
<test><b>9 9</b></test>
<test><b>9 776 9</b></test>
<test><b>9 97</b></test>
<test><b>9 776 97</b></test>
<test><b>9 65</b></test>
<test><b>9 776 65</b></test>
<test><b>9 443</b></test>
<test><b>9 776 443</b></test>
<test><b>9 48</b></test>
<test><b>9 776 48</b></test>
<test><b>9 46</b></test>
<test><b>9 776 46</b></test>
<test><b>9 33</b></test>
<test><b>9 776 33</b></test>
<test><b>9 34</b></test>
<test><b>9 776 34</b></test>
<test><b>9 44</b></test>
<test><b>9 776 44</b></test>
<test><b>9 173</b></test>
<test><b>9 776 173</b></test>
<test><b>9 768</b></test>
<test><b>9 776 768</b></test>
<test><b>97 13</b></test>
<test><b>97 776 13</b></test>
<test><b>97 10</b></test>
<test><b>97 776 10</b></test>
<test><b>97 133</b></test>
<test><b>97 776 133</b></test>
<test><b>97 9</b></test>
<test><b>97 776 9</b></test>
<test><b>97 97</b></test>
<test><b>97 776 97</b></test>
<test><b>97 65</b></test>
<test><b>97 776 65</b></test>
<test><b>97 443</b></test>
<test><b>97 776 443</b></test>
<test><b>97 48</b></test>
<test><b>97 776 48</b></test>
<test><b>97 46</b></test>
<test><b>97 776 46</b></test>
<test><b>97 33</b></test>
<test><b>97 776 33</b></test>
<test><b>97 34</b></test>
<test><b>97 776 34</b></test>
<test><b>97 44</b></test>
<test><b>97 776 44</b></test>
<test><b>97 173</b></test>
<test><b>97 776 173</b></test>
<test><b>97 768</b></test>
<test><b>97 776 768</b></test>
<test><b>65 13</b></test>
<test><b>65 776 13</b></test>
<test><b>65 10</b></test>
<test><b>65 776 10</b></test>
<test><b>65 133</b></test>
<test><b>65 776 133</b></test>
<test><b>65 9</b></test>
<test><b>65 776 9</b></test>
<test><b>65 97</b></test>
<test><b>65 776 97</b></test>
<test><b>65 65</b></test>
<test><b>65 776 65</b></test>
<test><b>65 443</b></test>
<test><b>65 776 443</b></test>
<test><b>65 48</b></test>
<test><b>65 776 48</b></test>
<test><b>65 46</b></test>
<test><b>65 776 46</b></test>
<test><b>65 33</b></test>
<test><b>65 776 33</b></test>
<test><b>65 34</b></test>
<test><b>65 776 34</b></test>
<test><b>65 44</b></test>
<test><b>65 776 44</b></test>
<test><b>65 173</b></test>
<test><b>65 776 173</b></test>
<test><b>65 768</b></test>
<test><b>65 776 768</b></test>
<test><b>443 13</b></test>
<test><b>443 776 13</b></test>
<test><b>443 10</b></test>
<test><b>443 776 10</b></test>
<test><b>443 133</b></test>
<test><b>443 776 133</b></test>
<test><b>443 9</b></test>
<test><b>443 776 9</b></test>
<test><b>443 97</b></test>
<test><b>443 776 97</b></test>
<test><b>443 65</b></test>
<test><b>443 776 65</b></test>
<test><b>443 443</b></test>
<test><b>443 776 443</b></test>
<test><b>443 48</b></test>
<test><b>443 776 48</b></test>
<test><b>443 46</b></test>
<test><b>443 776 46</b></test>
<test><b>443 33</b></test>
<test><b>443 776 33</b></test>
<test><b>443 34</b></test>
<test><b>443 776 34</b></test>
<test><b>443 44</b></test>
<test><b>443 776 44</b></test>
<test><b>443 173</b></test>
<test><b>443 776 173</b></test>
<test><b>443 768</b></test>
<test><b>443 776 768</b></test>
<test><b>48 13</b></test>
<test><b>48 776 13</b></test>
<test><b>48 10</b></test>
<test><b>48 776 10</b></test>
<test><b>48 133</b></test>
<test><b>48 776 133</b></test>
<test><b>48 9</b></test>
<test><b>48 776 9</b></test>
<test><b>48 97</b></test>
<test><b>48 776 97</b></test>
<test><b>48 65</b></test>
<test><b>48 776 65</b></test>
<test><b>48 443</b></test>
<test><b>48 776 443</b></test>
<test><b>48 48</b></test>
<test><b>48 776 48</b></test>
<test><b>48 46</b></test>
<test><b>48 776 46</b></test>
<test><b>48 33</b></test>
<test><b>48 776 33</b></test>
<test><b>48 34</b></test>
<test><b>48 776 34</b></test>
<test><b>48 44</b></test>
<test><b>48 776 44</b></test>
<test><b>48 173</b></test>
<test><b>48 776 173</b></test>
<test><b>48 768</b></test>
<test><b>48 776 768</b></test>
<test><b>46 13</b></test>
<test><b>46 776 13</b></test>
<test><b>46 10</b></test>
<test><b>46 776 10</b></test>
<test><b>46 133</b></test>
<test><b>46 776 133</b></test>
<test><b>46 9</b></test>
<test><b>46 776 9</b></test>
<test><b>46 97</b></test>
<test><b>46 776 97</b></test>
<test><b>46</b><b>65</b></test>
<test><b>46 776</b><b>65</b></test>
<test><b>46</b><b>443</b></test>
<test><b>46 776</b><b>443</b></test>
<test><b>46 48</b></test>
<test><b>46 776 48</b></test>
<test><b>46 46</b></test>
<test><b>46 776 46</b></test>
<test><b>46 33</b></test>
<test><b>46 776 33</b></test>
<test><b>46 34</b></test>
<test><b>46 776 34</b></test>
<test><b>46 44</b></test>
<test><b>46 776 44</b></test>
<test><b>46 173</b></test>
<test><b>46 776 173</b></test>
<test><b>46 768</b></test>
<test><b>46 776 768</b></test>
<test><b>33 13</b></test>
<test><b>33 776 13</b></test>
<test><b>33 10</b></test>
<test><b>33 776 10</b></test>
<test><b>33 133</b></test>
<test><b>33 776 133</b></test>
<test><b>33 9</b></test>
<test><b>33 776 9</b></test>
<test><b>33</b><b>97</b></test>
<test><b>33 776</b><b>97</b></test>
<test><b>33</b><b>65</b></test>
<test><b>33 776</b><b>65</b></test>
<test><b>33</b><b>443</b></test>
<test><b>33 776</b><b>443</b></test>
<test><b>33</b><b>48</b></test>
<test><b>33 776</b><b>48</b></test>
<test><b>33 46</b></test>
<test><b>33 776 46</b></test>
<test><b>33 33</b></test>
<test><b>33 776 33</b></test>
<test><b>33 34</b></test>
<test><b>33 776 34</b></test>
<test><b>33 44</b></test>
<test><b>33 776 44</b></test>
<test><b>33 173</b></test>
<test><b>33 776 173</b></test>
<test><b>33 768</b></test>
<test><b>33 776 768</b></test>
<test><b>34 13</b></test>
<test><b>34 776 13</b></test>
<test><b>34 10</b></test>
<test><b>34 776 10</b></test>
<test><b>34 133</b></test>
<test><b>34 776 133</b></test>
<test><b>34 9</b></test>
<test><b>34 776 9</b></test>
<test><b>34 97</b></test>
<test><b>34 776 97</b></test>
<test><b>34 65</b></test>
<test><b>34 776 65</b></test>
<test><b>34 443</b></test>
<test><b>34 776 443</b></test>
<test><b>34 48</b></test>
<test><b>34 776 48</b></test>
<test><b>34 46</b></test>
<test><b>34 776 46</b></test>
<test><b>34 33</b></test>
<test><b>34 776 33</b></test>
<test><b>34 34</b></test>
<test><b>34 776 34</b></test>
<test><b>34 44</b></test>
<test><b>34 776 44</b></test>
<test><b>34 173</b></test>
<test><b>34 776 173</b></test>
<test><b>34 768</b></test>
<test><b>34 776 768</b></test>
<test><b>44 13</b></test>
<test><b>44 776 13</b></test>
<test><b>44 10</b></test>
<test><b>44 776 10</b></test>
<test><b>44 133</b></test>
<test><b>44 776 133</b></test>
<test><b>44 9</b></test>
<test><b>44 776 9</b></test>
<test><b>44 97</b></test>
<test><b>44 776 97</b></test>
<test><b>44 65</b></test>
<test><b>44 776 65</b></test>
<test><b>44 443</b></test>
<test><b>44 776 443</b></test>
<test><b>44 48</b></test>
<test><b>44 776 48</b></test>
<test><b>44 46</b></test>
<test><b>44 776 46</b></test>
<test><b>44 33</b></test>
<test><b>44 776 33</b></test>
<test><b>44 34</b></test>
<test><b>44 776 34</b></test>
<test><b>44 44</b></test>
<test><b>44 776 44</b></test>
<test><b>44 173</b></test>
<test><b>44 776 173</b></test>
<test><b>44 768</b></test>
<test><b>44 776 768</b></test>
<test><b>173 13</b></test>
<test><b>173 776 13</b></test>
<test><b>173 10</b></test>
<test><b>173 776 10</b></test>
<test><b>173 133</b></test>
<test><b>173 776 133</b></test>
<test><b>173 9</b></test>
<test><b>173 776 9</b></test>
<test><b>173 97</b></test>
<test><b>173 776 97</b></test>
<test><b>173 65</b></test>
<test><b>173 776 65</b></test>
<test><b>173 443</b></test>
<test><b>173 776 443</b></test>
<test><b>173 48</b></test>
<test><b>173 776 48</b></test>
<test><b>173 46</b></test>
<test><b>173 776 46</b></test>
<test><b>173 33</b></test>
<test><b>173 776 33</b></test>
<test><b>173 34</b></test>
<test><b>173 776 34</b></test>
<test><b>173 44</b></test>
<test><b>173 776 44</b></test>
<test><b>173 173</b></test>
<test><b>173 776 173</b></test>
<test><b>173 768</b></test>
<test><b>173 776 768</b></test>
<test><b>768 13</b></test>
<test><b>768 776 13</b></test>
<test><b>768 10</b></test>
<test><b>768 776 10</b></test>
<test><b>768 133</b></test>
<test><b>768 776 133</b></test>
<test><b>768 9</b></test>
<test><b>768 776 9</b></test>
<test><b>768 97</b></test>
<test><b>768 776 97</b></test>
<test><b>768 65</b></test>
<test><b>768 776 65</b></test>
<test><b>768 443</b></test>
<test><b>768 776 443</b></test>
<test><b>768 48</b></test>
<test><b>768 776 48</b></test>
<test><b>768 46</b></test>
<test><b>768 776 46</b></test>
<test><b>768 33</b></test>
<test><b>768 776 33</b></test>
<test><b>768 34</b></test>
<test><b>768 776 34</b></test>
<test><b>768 44</b></test>
<test><b>768 776 44</b></test>
<test><b>768 173</b></test>
<test><b>768 776 173</b></test>
<test><b>768 768</b></test>
<test><b>768 776 768</b></test>
<test><b>40 34 71 111 46 34 41 32</b><b>40 72 101 32 100 105 100 46 41</b></test>
<test><b>40 8220 71 111 63 8221 41 32</b><b>40 72 101 32 100 105 100 46 41</b></test>
<test><b>85 46 83 46 65 768 46 32 105 115</b></test>
<test><b>85 46 83 46 65 768 63 32</b><b>72 101</b></test>
<test><b>85 46 83 46 65 768 46</b></test>
<test><b>51 46 52</b></test>
<test><b>99 46 100</b></test>
<test><b>101 116 99 46 41 8217 160 116 104 101</b></test>
<test><b>101 116 99 46 41 8217 160</b><b>84 104 101</b></test>
<test><b>101 116 99 46 41 8217 160 8216 40 116 104 101</b></test>
<test><b>101 116 99 46 41 8217 160</b><b>8216 40 84 104 101</b></test>
<test><b>101 116 99 46 41 8217 160 776 116 104 101</b></test>
<test><b>101 116 99 46 41 8217 160 776</b><b>84 104 101</b></test>
<test><b>116 104 101 32 114 101 115 112 46 32 108 101 97 100 101 114 115 32 97 114 101</b></test>
<test><b>23383 46</b><b>23383</b></test>
<test><b>101 116 99 46</b><b>23427</b></test>
<test><b>101 116 99 46 12290</b></test>
<test><b>23383 12290</b><b>23427</b></test>
<test><b>8288 40 8288 34 8288 71 8288 111 8288 46 8288 34 8288 41 8288 32 8288</b><b>40 8288 72 8288 101 8288 32 8288 100 8288 105 8288 100 8288 46 8288 41 8288 8288</b></test>
<test><b>8288 40 8288 8220 8288 71 8288 111 8288 63 8288 8221 8288 41 8288 32 8288</b><b>40 8288 72 8288 101 8288 32 8288 100 8288 105 8288 100 8288 46 8288 41 8288 8288</b></test>
<test><b>8288 85 8288 46 8288 83 8288 46 8288 65 8288 768 46 8288 32 8288 105 8288 115 8288 8288</b></test>
<test><b>8288 85 8288 46 8288 83 8288 46 8288 65 8288 768 63 8288 32 8288</b><b>72 8288 101 8288 8288</b></test>
<test><b>8288 85 8288 46 8288 83 8288 46 8288 65 8288 768 46 8288 8288</b></test>
<test><b>8288 51 8288 46 8288 52 8288 8288</b></test>
<test><b>8288 99 8288 46 8288 100 8288 8288</b></test>
<test><b>8288 101 8288 116 8288 99 8288 46 8288 41 8288 8217 8288 160 8288 116 8288 104 8288 101 8288 8288</b></test>
<test><b>8288 101 8288 116 8288 99 8288 46 8288 41 8288 8217 8288 160 8288</b><b>84 8288 104 8288 101 8288 8288</b></test>
<test><b>8288 101 8288 116 8288 99 8288 46 8288 41 8288 8217 8288 160 8288 8216 8288 40 8288 116 8288 104 8288 101 8288 8288</b></test>
<test><b>8288 101 8288 116 8288 99 8288 46 8288 41 8288 8217 8288 160 8288</b><b>8216 8288 40 8288 84 8288 104 8288 101 8288 8288</b></test>
<test><b>8288 101 8288 116 8288 99 8288 46 8288 41 8288 8217 8288 160 8288 776 116 8288 104 8288 101 8288 8288</b></test>
<test><b>8288 101 8288 116 8288 99 8288 46 8288 41 8288 8217 8288 160 8288 776</b><b>84 8288 104 8288 101 8288 8288</b></test>
<test><b>8288 116 8288 104 8288 101 8288 32 8288 114 8288 101 8288 115 8288 112 8288 46 8288 32 8288 108 8288 101 8288 97 8288 100 8288 101 8288 114 8288 115 8288 32 8288 97 8288 114 8288 101 8288 8288</b></test>
<test><b>8288 23383 8288 46 8288</b><b>23383 8288 8288</b></test>
<test><b>8288 101 8288 116 8288 99 8288 46 8288</b><b>23427 8288 8288</b></test>
<test><b>8288 101 8288 116 8288 99 8288 46 8288 12290 8288 8288</b></test>
<test><b>8288 23383 8288 12290 8288</b><b>23427 8288 8288</b></test>
</result>
