<results>
<MapMapFusion>true</MapMapFusion>
<CountEqZero>true</CountEqZero>
<CountNeZero>true</CountNeZero>
<CountGtZero>true</CountGtZero>
<AndTrueFold>true</AndTrueFold>
<AndFalseFold>true</AndFalseFold>
<OrTrueFold>true</OrTrueFold>
<OrFalseFold>true</OrFalseFold>
<AddEmptyFold>true</AddEmptyFold>
<MulZeroFold>true</MulZeroFold>
<notMulZeroFold>true</notMulZeroFold>
<MulOneFold>true</MulOneFold>
<DivMulTransFold>true</DivMulTransFold>
<PredTrueFold>true</PredTrueFold>
<PredFalseFoldAndPredEmptyFold>true</PredFalseFoldAndPredEmptyFold>
<IfTrueFold>true</IfTrueFold>
<IfFalseFold>true</IfFalseFold>
<BooleanIfElseTrue>true</BooleanIfElseTrue>
<BooleanIfThenTrue>true</BooleanIfThenTrue>
<FnEmptyFold1>true</FnEmptyFold1>
<FnEmptyFold2>true</FnEmptyFold2>
<PredTypeAnalysis1>true</PredTypeAnalysis1>
<notPredTypeAnalysis2>true</notPredTypeAnalysis2>
</results>
