<result>
<test><b>13</b><b>13</b></test>
<test><b>13</b><b>776</b><b>13</b></test>
<test><b>13 10</b></test>
<test><b>13</b><b>776</b><b>10</b></test>
<test><b>13</b><b>12337</b></test>
<test><b>13</b><b>776</b><b>12337</b></test>
<test><b>13</b><b>65</b></test>
<test><b>13</b><b>776</b><b>65</b></test>
<test><b>13</b><b>58</b></test>
<test><b>13</b><b>776</b><b>58</b></test>
<test><b>13</b><b>44</b></test>
<test><b>13</b><b>776</b><b>44</b></test>
<test><b>13</b><b>39</b></test>
<test><b>13</b><b>776</b><b>39</b></test>
<test><b>13</b><b>48</b></test>
<test><b>13</b><b>776</b><b>48</b></test>
<test><b>13</b><b>95</b></test>
<test><b>13</b><b>776</b><b>95</b></test>
<test><b>13</b><b>173</b></test>
<test><b>13</b><b>776 173</b></test>
<test><b>13</b><b>768</b></test>
<test><b>13</b><b>776 768</b></test>
<test><b>13</b><b>97 8288</b></test>
<test><b>13</b><b>776</b><b>97 8288</b></test>
<test><b>13</b><b>97</b><b>58</b></test>
<test><b>13</b><b>776</b><b>97</b><b>58</b></test>
<test><b>13</b><b>97</b><b>39</b></test>
<test><b>13</b><b>776</b><b>97</b><b>39</b></test>
<test><b>13</b><b>97</b><b>39 8288</b></test>
<test><b>13</b><b>776</b><b>97</b><b>39 8288</b></test>
<test><b>13</b><b>97</b><b>44</b></test>
<test><b>13</b><b>776</b><b>97</b><b>44</b></test>
<test><b>13</b><b>49</b><b>58</b></test>
<test><b>13</b><b>776</b><b>49</b><b>58</b></test>
<test><b>13</b><b>49</b><b>39</b></test>
<test><b>13</b><b>776</b><b>49</b><b>39</b></test>
<test><b>13</b><b>49</b><b>44</b></test>
<test><b>13</b><b>776</b><b>49</b><b>44</b></test>
<test><b>13</b><b>49</b><b>46 8288</b></test>
<test><b>13</b><b>776</b><b>49</b><b>46 8288</b></test>
<test><b>10</b><b>13</b></test>
<test><b>10</b><b>776</b><b>13</b></test>
<test><b>10</b><b>10</b></test>
<test><b>10</b><b>776</b><b>10</b></test>
<test><b>10</b><b>12337</b></test>
<test><b>10</b><b>776</b><b>12337</b></test>
<test><b>10</b><b>65</b></test>
<test><b>10</b><b>776</b><b>65</b></test>
<test><b>10</b><b>58</b></test>
<test><b>10</b><b>776</b><b>58</b></test>
<test><b>10</b><b>44</b></test>
<test><b>10</b><b>776</b><b>44</b></test>
<test><b>10</b><b>39</b></test>
<test><b>10</b><b>776</b><b>39</b></test>
<test><b>10</b><b>48</b></test>
<test><b>10</b><b>776</b><b>48</b></test>
<test><b>10</b><b>95</b></test>
<test><b>10</b><b>776</b><b>95</b></test>
<test><b>10</b><b>173</b></test>
<test><b>10</b><b>776 173</b></test>
<test><b>10</b><b>768</b></test>
<test><b>10</b><b>776 768</b></test>
<test><b>10</b><b>97 8288</b></test>
<test><b>10</b><b>776</b><b>97 8288</b></test>
<test><b>10</b><b>97</b><b>58</b></test>
<test><b>10</b><b>776</b><b>97</b><b>58</b></test>
<test><b>10</b><b>97</b><b>39</b></test>
<test><b>10</b><b>776</b><b>97</b><b>39</b></test>
<test><b>10</b><b>97</b><b>39 8288</b></test>
<test><b>10</b><b>776</b><b>97</b><b>39 8288</b></test>
<test><b>10</b><b>97</b><b>44</b></test>
<test><b>10</b><b>776</b><b>97</b><b>44</b></test>
<test><b>10</b><b>49</b><b>58</b></test>
<test><b>10</b><b>776</b><b>49</b><b>58</b></test>
<test><b>10</b><b>49</b><b>39</b></test>
<test><b>10</b><b>776</b><b>49</b><b>39</b></test>
<test><b>10</b><b>49</b><b>44</b></test>
<test><b>10</b><b>776</b><b>49</b><b>44</b></test>
<test><b>10</b><b>49</b><b>46 8288</b></test>
<test><b>10</b><b>776</b><b>49</b><b>46 8288</b></test>
<test><b>12337</b><b>13</b></test>
<test><b>12337 776</b><b>13</b></test>
<test><b>12337</b><b>10</b></test>
<test><b>12337 776</b><b>10</b></test>
<test><b>12337 12337</b></test>
<test><b>12337 776 12337</b></test>
<test><b>12337</b><b>65</b></test>
<test><b>12337 776</b><b>65</b></test>
<test><b>12337</b><b>58</b></test>
<test><b>12337 776</b><b>58</b></test>
<test><b>12337</b><b>44</b></test>
<test><b>12337 776</b><b>44</b></test>
<test><b>12337</b><b>39</b></test>
<test><b>12337 776</b><b>39</b></test>
<test><b>12337</b><b>48</b></test>
<test><b>12337 776</b><b>48</b></test>
<test><b>12337 95</b></test>
<test><b>12337 776 95</b></test>
<test><b>12337 173</b></test>
<test><b>12337 776 173</b></test>
<test><b>12337 768</b></test>
<test><b>12337 776 768</b></test>
<test><b>12337</b><b>97 8288</b></test>
<test><b>12337 776</b><b>97 8288</b></test>
<test><b>12337</b><b>97</b><b>58</b></test>
<test><b>12337 776</b><b>97</b><b>58</b></test>
<test><b>12337</b><b>97</b><b>39</b></test>
<test><b>12337 776</b><b>97</b><b>39</b></test>
<test><b>12337</b><b>97</b><b>39 8288</b></test>
<test><b>12337 776</b><b>97</b><b>39 8288</b></test>
<test><b>12337</b><b>97</b><b>44</b></test>
<test><b>12337 776</b><b>97</b><b>44</b></test>
<test><b>12337</b><b>49</b><b>58</b></test>
<test><b>12337 776</b><b>49</b><b>58</b></test>
<test><b>12337</b><b>49</b><b>39</b></test>
<test><b>12337 776</b><b>49</b><b>39</b></test>
<test><b>12337</b><b>49</b><b>44</b></test>
<test><b>12337 776</b><b>49</b><b>44</b></test>
<test><b>12337</b><b>49</b><b>46 8288</b></test>
<test><b>12337 776</b><b>49</b><b>46 8288</b></test>
<test><b>65</b><b>13</b></test>
<test><b>65 776</b><b>13</b></test>
<test><b>65</b><b>10</b></test>
<test><b>65 776</b><b>10</b></test>
<test><b>65</b><b>12337</b></test>
<test><b>65 776</b><b>12337</b></test>
<test><b>65 65</b></test>
<test><b>65 776 65</b></test>
<test><b>65</b><b>58</b></test>
<test><b>65 776</b><b>58</b></test>
<test><b>65</b><b>44</b></test>
<test><b>65 776</b><b>44</b></test>
<test><b>65</b><b>39</b></test>
<test><b>65 776</b><b>39</b></test>
<test><b>65 48</b></test>
<test><b>65 776 48</b></test>
<test><b>65 95</b></test>
<test><b>65 776 95</b></test>
<test><b>65 173</b></test>
<test><b>65 776 173</b></test>
<test><b>65 768</b></test>
<test><b>65 776 768</b></test>
<test><b>65 97 8288</b></test>
<test><b>65 776 97 8288</b></test>
<test><b>65 97</b><b>58</b></test>
<test><b>65 776 97</b><b>58</b></test>
<test><b>65 97</b><b>39</b></test>
<test><b>65 776 97</b><b>39</b></test>
<test><b>65 97</b><b>39 8288</b></test>
<test><b>65 776 97</b><b>39 8288</b></test>
<test><b>65 97</b><b>44</b></test>
<test><b>65 776 97</b><b>44</b></test>
<test><b>65 49</b><b>58</b></test>
<test><b>65 776 49</b><b>58</b></test>
<test><b>65 49</b><b>39</b></test>
<test><b>65 776 49</b><b>39</b></test>
<test><b>65 49</b><b>44</b></test>
<test><b>65 776 49</b><b>44</b></test>
<test><b>65 49</b><b>46 8288</b></test>
<test><b>65 776 49</b><b>46 8288</b></test>
<test><b>58</b><b>13</b></test>
<test><b>58 776</b><b>13</b></test>
<test><b>58</b><b>10</b></test>
<test><b>58 776</b><b>10</b></test>
<test><b>58</b><b>12337</b></test>
<test><b>58 776</b><b>12337</b></test>
<test><b>58</b><b>65</b></test>
<test><b>58 776</b><b>65</b></test>
<test><b>58</b><b>58</b></test>
<test><b>58 776</b><b>58</b></test>
<test><b>58</b><b>44</b></test>
<test><b>58 776</b><b>44</b></test>
<test><b>58</b><b>39</b></test>
<test><b>58 776</b><b>39</b></test>
<test><b>58</b><b>48</b></test>
<test><b>58 776</b><b>48</b></test>
<test><b>58</b><b>95</b></test>
<test><b>58 776</b><b>95</b></test>
<test><b>58 173</b></test>
<test><b>58 776 173</b></test>
<test><b>58 768</b></test>
<test><b>58 776 768</b></test>
<test><b>58</b><b>97 8288</b></test>
<test><b>58 776</b><b>97 8288</b></test>
<test><b>58</b><b>97</b><b>58</b></test>
<test><b>58 776</b><b>97</b><b>58</b></test>
<test><b>58</b><b>97</b><b>39</b></test>
<test><b>58 776</b><b>97</b><b>39</b></test>
<test><b>58</b><b>97</b><b>39 8288</b></test>
<test><b>58 776</b><b>97</b><b>39 8288</b></test>
<test><b>58</b><b>97</b><b>44</b></test>
<test><b>58 776</b><b>97</b><b>44</b></test>
<test><b>58</b><b>49</b><b>58</b></test>
<test><b>58 776</b><b>49</b><b>58</b></test>
<test><b>58</b><b>49</b><b>39</b></test>
<test><b>58 776</b><b>49</b><b>39</b></test>
<test><b>58</b><b>49</b><b>44</b></test>
<test><b>58 776</b><b>49</b><b>44</b></test>
<test><b>58</b><b>49</b><b>46 8288</b></test>
<test><b>58 776</b><b>49</b><b>46 8288</b></test>
<test><b>44</b><b>13</b></test>
<test><b>44 776</b><b>13</b></test>
<test><b>44</b><b>10</b></test>
<test><b>44 776</b><b>10</b></test>
<test><b>44</b><b>12337</b></test>
<test><b>44 776</b><b>12337</b></test>
<test><b>44</b><b>65</b></test>
<test><b>44 776</b><b>65</b></test>
<test><b>44</b><b>58</b></test>
<test><b>44 776</b><b>58</b></test>
<test><b>44</b><b>44</b></test>
<test><b>44 776</b><b>44</b></test>
<test><b>44</b><b>39</b></test>
<test><b>44 776</b><b>39</b></test>
<test><b>44</b><b>48</b></test>
<test><b>44 776</b><b>48</b></test>
<test><b>44</b><b>95</b></test>
<test><b>44 776</b><b>95</b></test>
<test><b>44 173</b></test>
<test><b>44 776 173</b></test>
<test><b>44 768</b></test>
<test><b>44 776 768</b></test>
<test><b>44</b><b>97 8288</b></test>
<test><b>44 776</b><b>97 8288</b></test>
<test><b>44</b><b>97</b><b>58</b></test>
<test><b>44 776</b><b>97</b><b>58</b></test>
<test><b>44</b><b>97</b><b>39</b></test>
<test><b>44 776</b><b>97</b><b>39</b></test>
<test><b>44</b><b>97</b><b>39 8288</b></test>
<test><b>44 776</b><b>97</b><b>39 8288</b></test>
<test><b>44</b><b>97</b><b>44</b></test>
<test><b>44 776</b><b>97</b><b>44</b></test>
<test><b>44</b><b>49</b><b>58</b></test>
<test><b>44 776</b><b>49</b><b>58</b></test>
<test><b>44</b><b>49</b><b>39</b></test>
<test><b>44 776</b><b>49</b><b>39</b></test>
<test><b>44</b><b>49</b><b>44</b></test>
<test><b>44 776</b><b>49</b><b>44</b></test>
<test><b>44</b><b>49</b><b>46 8288</b></test>
<test><b>44 776</b><b>49</b><b>46 8288</b></test>
<test><b>39</b><b>13</b></test>
<test><b>39 776</b><b>13</b></test>
<test><b>39</b><b>10</b></test>
<test><b>39 776</b><b>10</b></test>
<test><b>39</b><b>12337</b></test>
<test><b>39 776</b><b>12337</b></test>
<test><b>39</b><b>65</b></test>
<test><b>39 776</b><b>65</b></test>
<test><b>39</b><b>58</b></test>
<test><b>39 776</b><b>58</b></test>
<test><b>39</b><b>44</b></test>
<test><b>39 776</b><b>44</b></test>
<test><b>39</b><b>39</b></test>
<test><b>39 776</b><b>39</b></test>
<test><b>39</b><b>48</b></test>
<test><b>39 776</b><b>48</b></test>
<test><b>39</b><b>95</b></test>
<test><b>39 776</b><b>95</b></test>
<test><b>39 173</b></test>
<test><b>39 776 173</b></test>
<test><b>39 768</b></test>
<test><b>39 776 768</b></test>
<test><b>39</b><b>97 8288</b></test>
<test><b>39 776</b><b>97 8288</b></test>
<test><b>39</b><b>97</b><b>58</b></test>
<test><b>39 776</b><b>97</b><b>58</b></test>
<test><b>39</b><b>97</b><b>39</b></test>
<test><b>39 776</b><b>97</b><b>39</b></test>
<test><b>39</b><b>97</b><b>39 8288</b></test>
<test><b>39 776</b><b>97</b><b>39 8288</b></test>
<test><b>39</b><b>97</b><b>44</b></test>
<test><b>39 776</b><b>97</b><b>44</b></test>
<test><b>39</b><b>49</b><b>58</b></test>
<test><b>39 776</b><b>49</b><b>58</b></test>
<test><b>39</b><b>49</b><b>39</b></test>
<test><b>39 776</b><b>49</b><b>39</b></test>
<test><b>39</b><b>49</b><b>44</b></test>
<test><b>39 776</b><b>49</b><b>44</b></test>
<test><b>39</b><b>49</b><b>46 8288</b></test>
<test><b>39 776</b><b>49</b><b>46 8288</b></test>
<test><b>48</b><b>13</b></test>
<test><b>48 776</b><b>13</b></test>
<test><b>48</b><b>10</b></test>
<test><b>48 776</b><b>10</b></test>
<test><b>48</b><b>12337</b></test>
<test><b>48 776</b><b>12337</b></test>
<test><b>48 65</b></test>
<test><b>48 776 65</b></test>
<test><b>48</b><b>58</b></test>
<test><b>48 776</b><b>58</b></test>
<test><b>48</b><b>44</b></test>
<test><b>48 776</b><b>44</b></test>
<test><b>48</b><b>39</b></test>
<test><b>48 776</b><b>39</b></test>
<test><b>48 48</b></test>
<test><b>48 776 48</b></test>
<test><b>48 95</b></test>
<test><b>48 776 95</b></test>
<test><b>48 173</b></test>
<test><b>48 776 173</b></test>
<test><b>48 768</b></test>
<test><b>48 776 768</b></test>
<test><b>48 97 8288</b></test>
<test><b>48 776 97 8288</b></test>
<test><b>48 97</b><b>58</b></test>
<test><b>48 776 97</b><b>58</b></test>
<test><b>48 97</b><b>39</b></test>
<test><b>48 776 97</b><b>39</b></test>
<test><b>48 97</b><b>39 8288</b></test>
<test><b>48 776 97</b><b>39 8288</b></test>
<test><b>48 97</b><b>44</b></test>
<test><b>48 776 97</b><b>44</b></test>
<test><b>48 49</b><b>58</b></test>
<test><b>48 776 49</b><b>58</b></test>
<test><b>48 49</b><b>39</b></test>
<test><b>48 776 49</b><b>39</b></test>
<test><b>48 49</b><b>44</b></test>
<test><b>48 776 49</b><b>44</b></test>
<test><b>48 49</b><b>46 8288</b></test>
<test><b>48 776 49</b><b>46 8288</b></test>
<test><b>95</b><b>13</b></test>
<test><b>95 776</b><b>13</b></test>
<test><b>95</b><b>10</b></test>
<test><b>95 776</b><b>10</b></test>
<test><b>95 12337</b></test>
<test><b>95 776 12337</b></test>
<test><b>95 65</b></test>
<test><b>95 776 65</b></test>
<test><b>95</b><b>58</b></test>
<test><b>95 776</b><b>58</b></test>
<test><b>95</b><b>44</b></test>
<test><b>95 776</b><b>44</b></test>
<test><b>95</b><b>39</b></test>
<test><b>95 776</b><b>39</b></test>
<test><b>95 48</b></test>
<test><b>95 776 48</b></test>
<test><b>95 95</b></test>
<test><b>95 776 95</b></test>
<test><b>95 173</b></test>
<test><b>95 776 173</b></test>
<test><b>95 768</b></test>
<test><b>95 776 768</b></test>
<test><b>95 97 8288</b></test>
<test><b>95 776 97 8288</b></test>
<test><b>95 97</b><b>58</b></test>
<test><b>95 776 97</b><b>58</b></test>
<test><b>95 97</b><b>39</b></test>
<test><b>95 776 97</b><b>39</b></test>
<test><b>95 97</b><b>39 8288</b></test>
<test><b>95 776 97</b><b>39 8288</b></test>
<test><b>95 97</b><b>44</b></test>
<test><b>95 776 97</b><b>44</b></test>
<test><b>95 49</b><b>58</b></test>
<test><b>95 776 49</b><b>58</b></test>
<test><b>95 49</b><b>39</b></test>
<test><b>95 776 49</b><b>39</b></test>
<test><b>95 49</b><b>44</b></test>
<test><b>95 776 49</b><b>44</b></test>
<test><b>95 49</b><b>46 8288</b></test>
<test><b>95 776 49</b><b>46 8288</b></test>
<test><b>173</b><b>13</b></test>
<test><b>173 776</b><b>13</b></test>
<test><b>173</b><b>10</b></test>
<test><b>173 776</b><b>10</b></test>
<test><b>173</b><b>12337</b></test>
<test><b>173 776</b><b>12337</b></test>
<test><b>173</b><b>65</b></test>
<test><b>173 776</b><b>65</b></test>
<test><b>173</b><b>58</b></test>
<test><b>173 776</b><b>58</b></test>
<test><b>173</b><b>44</b></test>
<test><b>173 776</b><b>44</b></test>
<test><b>173</b><b>39</b></test>
<test><b>173 776</b><b>39</b></test>
<test><b>173</b><b>48</b></test>
<test><b>173 776</b><b>48</b></test>
<test><b>173</b><b>95</b></test>
<test><b>173 776</b><b>95</b></test>
<test><b>173 173</b></test>
<test><b>173 776 173</b></test>
<test><b>173 768</b></test>
<test><b>173 776 768</b></test>
<test><b>173</b><b>97 8288</b></test>
<test><b>173 776</b><b>97 8288</b></test>
<test><b>173</b><b>97</b><b>58</b></test>
<test><b>173 776</b><b>97</b><b>58</b></test>
<test><b>173</b><b>97</b><b>39</b></test>
<test><b>173 776</b><b>97</b><b>39</b></test>
<test><b>173</b><b>97</b><b>39 8288</b></test>
<test><b>173 776</b><b>97</b><b>39 8288</b></test>
<test><b>173</b><b>97</b><b>44</b></test>
<test><b>173 776</b><b>97</b><b>44</b></test>
<test><b>173</b><b>49</b><b>58</b></test>
<test><b>173 776</b><b>49</b><b>58</b></test>
<test><b>173</b><b>49</b><b>39</b></test>
<test><b>173 776</b><b>49</b><b>39</b></test>
<test><b>173</b><b>49</b><b>44</b></test>
<test><b>173 776</b><b>49</b><b>44</b></test>
<test><b>173</b><b>49</b><b>46 8288</b></test>
<test><b>173 776</b><b>49</b><b>46 8288</b></test>
<test><b>768</b><b>13</b></test>
<test><b>768 776</b><b>13</b></test>
<test><b>768</b><b>10</b></test>
<test><b>768 776</b><b>10</b></test>
<test><b>768</b><b>12337</b></test>
<test><b>768 776</b><b>12337</b></test>
<test><b>768</b><b>65</b></test>
<test><b>768 776</b><b>65</b></test>
<test><b>768</b><b>58</b></test>
<test><b>768 776</b><b>58</b></test>
<test><b>768</b><b>44</b></test>
<test><b>768 776</b><b>44</b></test>
<test><b>768</b><b>39</b></test>
<test><b>768 776</b><b>39</b></test>
<test><b>768</b><b>48</b></test>
<test><b>768 776</b><b>48</b></test>
<test><b>768</b><b>95</b></test>
<test><b>768 776</b><b>95</b></test>
<test><b>768 173</b></test>
<test><b>768 776 173</b></test>
<test><b>768 768</b></test>
<test><b>768 776 768</b></test>
<test><b>768</b><b>97 8288</b></test>
<test><b>768 776</b><b>97 8288</b></test>
<test><b>768</b><b>97</b><b>58</b></test>
<test><b>768 776</b><b>97</b><b>58</b></test>
<test><b>768</b><b>97</b><b>39</b></test>
<test><b>768 776</b><b>97</b><b>39</b></test>
<test><b>768</b><b>97</b><b>39 8288</b></test>
<test><b>768 776</b><b>97</b><b>39 8288</b></test>
<test><b>768</b><b>97</b><b>44</b></test>
<test><b>768 776</b><b>97</b><b>44</b></test>
<test><b>768</b><b>49</b><b>58</b></test>
<test><b>768 776</b><b>49</b><b>58</b></test>
<test><b>768</b><b>49</b><b>39</b></test>
<test><b>768 776</b><b>49</b><b>39</b></test>
<test><b>768</b><b>49</b><b>44</b></test>
<test><b>768 776</b><b>49</b><b>44</b></test>
<test><b>768</b><b>49</b><b>46 8288</b></test>
<test><b>768 776</b><b>49</b><b>46 8288</b></test>
<test><b>97 8288</b><b>13</b></test>
<test><b>97 8288 776</b><b>13</b></test>
<test><b>97 8288</b><b>10</b></test>
<test><b>97 8288 776</b><b>10</b></test>
<test><b>97 8288</b><b>12337</b></test>
<test><b>97 8288 776</b><b>12337</b></test>
<test><b>97 8288 65</b></test>
<test><b>97 8288 776 65</b></test>
<test><b>97 8288</b><b>58</b></test>
<test><b>97 8288 776</b><b>58</b></test>
<test><b>97 8288</b><b>44</b></test>
<test><b>97 8288 776</b><b>44</b></test>
<test><b>97 8288</b><b>39</b></test>
<test><b>97 8288 776</b><b>39</b></test>
<test><b>97 8288 48</b></test>
<test><b>97 8288 776 48</b></test>
<test><b>97 8288 95</b></test>
<test><b>97 8288 776 95</b></test>
<test><b>97 8288 173</b></test>
<test><b>97 8288 776 173</b></test>
<test><b>97 8288 768</b></test>
<test><b>97 8288 776 768</b></test>
<test><b>97 8288 97 8288</b></test>
<test><b>97 8288 776 97 8288</b></test>
<test><b>97 8288 97</b><b>58</b></test>
<test><b>97 8288 776 97</b><b>58</b></test>
<test><b>97 8288 97</b><b>39</b></test>
<test><b>97 8288 776 97</b><b>39</b></test>
<test><b>97 8288 97</b><b>39 8288</b></test>
<test><b>97 8288 776 97</b><b>39 8288</b></test>
<test><b>97 8288 97</b><b>44</b></test>
<test><b>97 8288 776 97</b><b>44</b></test>
<test><b>97 8288 49</b><b>58</b></test>
<test><b>97 8288 776 49</b><b>58</b></test>
<test><b>97 8288 49</b><b>39</b></test>
<test><b>97 8288 776 49</b><b>39</b></test>
<test><b>97 8288 49</b><b>44</b></test>
<test><b>97 8288 776 49</b><b>44</b></test>
<test><b>97 8288 49</b><b>46 8288</b></test>
<test><b>97 8288 776 49</b><b>46 8288</b></test>
<test><b>97</b><b>58</b><b>13</b></test>
<test><b>97</b><b>58 776</b><b>13</b></test>
<test><b>97</b><b>58</b><b>10</b></test>
<test><b>97</b><b>58 776</b><b>10</b></test>
<test><b>97</b><b>58</b><b>12337</b></test>
<test><b>97</b><b>58 776</b><b>12337</b></test>
<test><b>97 58 65</b></test>
<test><b>97 58 776 65</b></test>
<test><b>97</b><b>58</b><b>58</b></test>
<test><b>97</b><b>58 776</b><b>58</b></test>
<test><b>97</b><b>58</b><b>44</b></test>
<test><b>97</b><b>58 776</b><b>44</b></test>
<test><b>97</b><b>58</b><b>39</b></test>
<test><b>97</b><b>58 776</b><b>39</b></test>
<test><b>97</b><b>58</b><b>48</b></test>
<test><b>97</b><b>58 776</b><b>48</b></test>
<test><b>97</b><b>58</b><b>95</b></test>
<test><b>97</b><b>58 776</b><b>95</b></test>
<test><b>97</b><b>58 173</b></test>
<test><b>97</b><b>58 776 173</b></test>
<test><b>97</b><b>58 768</b></test>
<test><b>97</b><b>58 776 768</b></test>
<test><b>97 58 97 8288</b></test>
<test><b>97 58 776 97 8288</b></test>
<test><b>97 58 97</b><b>58</b></test>
<test><b>97 58 776 97</b><b>58</b></test>
<test><b>97 58 97</b><b>39</b></test>
<test><b>97 58 776 97</b><b>39</b></test>
<test><b>97 58 97</b><b>39 8288</b></test>
<test><b>97 58 776 97</b><b>39 8288</b></test>
<test><b>97 58 97</b><b>44</b></test>
<test><b>97 58 776 97</b><b>44</b></test>
<test><b>97</b><b>58</b><b>49</b><b>58</b></test>
<test><b>97</b><b>58 776</b><b>49</b><b>58</b></test>
<test><b>97</b><b>58</b><b>49</b><b>39</b></test>
<test><b>97</b><b>58 776</b><b>49</b><b>39</b></test>
<test><b>97</b><b>58</b><b>49</b><b>44</b></test>
<test><b>97</b><b>58 776</b><b>49</b><b>44</b></test>
<test><b>97</b><b>58</b><b>49</b><b>46 8288</b></test>
<test><b>97</b><b>58 776</b><b>49</b><b>46 8288</b></test>
<test><b>97</b><b>39</b><b>13</b></test>
<test><b>97</b><b>39 776</b><b>13</b></test>
<test><b>97</b><b>39</b><b>10</b></test>
<test><b>97</b><b>39 776</b><b>10</b></test>
<test><b>97</b><b>39</b><b>12337</b></test>
<test><b>97</b><b>39 776</b><b>12337</b></test>
<test><b>97 39 65</b></test>
<test><b>97 39 776 65</b></test>
<test><b>97</b><b>39</b><b>58</b></test>
<test><b>97</b><b>39 776</b><b>58</b></test>
<test><b>97</b><b>39</b><b>44</b></test>
<test><b>97</b><b>39 776</b><b>44</b></test>
<test><b>97</b><b>39</b><b>39</b></test>
<test><b>97</b><b>39 776</b><b>39</b></test>
<test><b>97</b><b>39</b><b>48</b></test>
<test><b>97</b><b>39 776</b><b>48</b></test>
<test><b>97</b><b>39</b><b>95</b></test>
<test><b>97</b><b>39 776</b><b>95</b></test>
<test><b>97</b><b>39 173</b></test>
<test><b>97</b><b>39 776 173</b></test>
<test><b>97</b><b>39 768</b></test>
<test><b>97</b><b>39 776 768</b></test>
<test><b>97 39 97 8288</b></test>
<test><b>97 39 776 97 8288</b></test>
<test><b>97 39 97</b><b>58</b></test>
<test><b>97 39 776 97</b><b>58</b></test>
<test><b>97 39 97</b><b>39</b></test>
<test><b>97 39 776 97</b><b>39</b></test>
<test><b>97 39 97</b><b>39 8288</b></test>
<test><b>97 39 776 97</b><b>39 8288</b></test>
<test><b>97 39 97</b><b>44</b></test>
<test><b>97 39 776 97</b><b>44</b></test>
<test><b>97</b><b>39</b><b>49</b><b>58</b></test>
<test><b>97</b><b>39 776</b><b>49</b><b>58</b></test>
<test><b>97</b><b>39</b><b>49</b><b>39</b></test>
<test><b>97</b><b>39 776</b><b>49</b><b>39</b></test>
<test><b>97</b><b>39</b><b>49</b><b>44</b></test>
<test><b>97</b><b>39 776</b><b>49</b><b>44</b></test>
<test><b>97</b><b>39</b><b>49</b><b>46 8288</b></test>
<test><b>97</b><b>39 776</b><b>49</b><b>46 8288</b></test>
<test><b>97</b><b>39 8288</b><b>13</b></test>
<test><b>97</b><b>39 8288 776</b><b>13</b></test>
<test><b>97</b><b>39 8288</b><b>10</b></test>
<test><b>97</b><b>39 8288 776</b><b>10</b></test>
<test><b>97</b><b>39 8288</b><b>12337</b></test>
<test><b>97</b><b>39 8288 776</b><b>12337</b></test>
<test><b>97 39 8288 65</b></test>
<test><b>97 39 8288 776 65</b></test>
<test><b>97</b><b>39 8288</b><b>58</b></test>
<test><b>97</b><b>39 8288 776</b><b>58</b></test>
<test><b>97</b><b>39 8288</b><b>44</b></test>
<test><b>97</b><b>39 8288 776</b><b>44</b></test>
<test><b>97</b><b>39 8288</b><b>39</b></test>
<test><b>97</b><b>39 8288 776</b><b>39</b></test>
<test><b>97</b><b>39 8288</b><b>48</b></test>
<test><b>97</b><b>39 8288 776</b><b>48</b></test>
<test><b>97</b><b>39 8288</b><b>95</b></test>
<test><b>97</b><b>39 8288 776</b><b>95</b></test>
<test><b>97</b><b>39 8288 173</b></test>
<test><b>97</b><b>39 8288 776 173</b></test>
<test><b>97</b><b>39 8288 768</b></test>
<test><b>97</b><b>39 8288 776 768</b></test>
<test><b>97 39 8288 97 8288</b></test>
<test><b>97 39 8288 776 97 8288</b></test>
<test><b>97 39 8288 97</b><b>58</b></test>
<test><b>97 39 8288 776 97</b><b>58</b></test>
<test><b>97 39 8288 97</b><b>39</b></test>
<test><b>97 39 8288 776 97</b><b>39</b></test>
<test><b>97 39 8288 97</b><b>39 8288</b></test>
<test><b>97 39 8288 776 97</b><b>39 8288</b></test>
<test><b>97 39 8288 97</b><b>44</b></test>
<test><b>97 39 8288 776 97</b><b>44</b></test>
<test><b>97</b><b>39 8288</b><b>49</b><b>58</b></test>
<test><b>97</b><b>39 8288 776</b><b>49</b><b>58</b></test>
<test><b>97</b><b>39 8288</b><b>49</b><b>39</b></test>
<test><b>97</b><b>39 8288 776</b><b>49</b><b>39</b></test>
<test><b>97</b><b>39 8288</b><b>49</b><b>44</b></test>
<test><b>97</b><b>39 8288 776</b><b>49</b><b>44</b></test>
<test><b>97</b><b>39 8288</b><b>49</b><b>46 8288</b></test>
<test><b>97</b><b>39 8288 776</b><b>49</b><b>46 8288</b></test>
<test><b>97</b><b>44</b><b>13</b></test>
<test><b>97</b><b>44 776</b><b>13</b></test>
<test><b>97</b><b>44</b><b>10</b></test>
<test><b>97</b><b>44 776</b><b>10</b></test>
<test><b>97</b><b>44</b><b>12337</b></test>
<test><b>97</b><b>44 776</b><b>12337</b></test>
<test><b>97</b><b>44</b><b>65</b></test>
<test><b>97</b><b>44 776</b><b>65</b></test>
<test><b>97</b><b>44</b><b>58</b></test>
<test><b>97</b><b>44 776</b><b>58</b></test>
<test><b>97</b><b>44</b><b>44</b></test>
<test><b>97</b><b>44 776</b><b>44</b></test>
<test><b>97</b><b>44</b><b>39</b></test>
<test><b>97</b><b>44 776</b><b>39</b></test>
<test><b>97</b><b>44</b><b>48</b></test>
<test><b>97</b><b>44 776</b><b>48</b></test>
<test><b>97</b><b>44</b><b>95</b></test>
<test><b>97</b><b>44 776</b><b>95</b></test>
<test><b>97</b><b>44 173</b></test>
<test><b>97</b><b>44 776 173</b></test>
<test><b>97</b><b>44 768</b></test>
<test><b>97</b><b>44 776 768</b></test>
<test><b>97</b><b>44</b><b>97 8288</b></test>
<test><b>97</b><b>44 776</b><b>97 8288</b></test>
<test><b>97</b><b>44</b><b>97</b><b>58</b></test>
<test><b>97</b><b>44 776</b><b>97</b><b>58</b></test>
<test><b>97</b><b>44</b><b>97</b><b>39</b></test>
<test><b>97</b><b>44 776</b><b>97</b><b>39</b></test>
<test><b>97</b><b>44</b><b>97</b><b>39 8288</b></test>
<test><b>97</b><b>44 776</b><b>97</b><b>39 8288</b></test>
<test><b>97</b><b>44</b><b>97</b><b>44</b></test>
<test><b>97</b><b>44 776</b><b>97</b><b>44</b></test>
<test><b>97</b><b>44</b><b>49</b><b>58</b></test>
<test><b>97</b><b>44 776</b><b>49</b><b>58</b></test>
<test><b>97</b><b>44</b><b>49</b><b>39</b></test>
<test><b>97</b><b>44 776</b><b>49</b><b>39</b></test>
<test><b>97</b><b>44</b><b>49</b><b>44</b></test>
<test><b>97</b><b>44 776</b><b>49</b><b>44</b></test>
<test><b>97</b><b>44</b><b>49</b><b>46 8288</b></test>
<test><b>97</b><b>44 776</b><b>49</b><b>46 8288</b></test>
<test><b>49</b><b>58</b><b>13</b></test>
<test><b>49</b><b>58 776</b><b>13</b></test>
<test><b>49</b><b>58</b><b>10</b></test>
<test><b>49</b><b>58 776</b><b>10</b></test>
<test><b>49</b><b>58</b><b>12337</b></test>
<test><b>49</b><b>58 776</b><b>12337</b></test>
<test><b>49</b><b>58</b><b>65</b></test>
<test><b>49</b><b>58 776</b><b>65</b></test>
<test><b>49</b><b>58</b><b>58</b></test>
<test><b>49</b><b>58 776</b><b>58</b></test>
<test><b>49</b><b>58</b><b>44</b></test>
<test><b>49</b><b>58 776</b><b>44</b></test>
<test><b>49</b><b>58</b><b>39</b></test>
<test><b>49</b><b>58 776</b><b>39</b></test>
<test><b>49</b><b>58</b><b>48</b></test>
<test><b>49</b><b>58 776</b><b>48</b></test>
<test><b>49</b><b>58</b><b>95</b></test>
<test><b>49</b><b>58 776</b><b>95</b></test>
<test><b>49</b><b>58 173</b></test>
<test><b>49</b><b>58 776 173</b></test>
<test><b>49</b><b>58 768</b></test>
<test><b>49</b><b>58 776 768</b></test>
<test><b>49</b><b>58</b><b>97 8288</b></test>
<test><b>49</b><b>58 776</b><b>97 8288</b></test>
<test><b>49</b><b>58</b><b>97</b><b>58</b></test>
<test><b>49</b><b>58 776</b><b>97</b><b>58</b></test>
<test><b>49</b><b>58</b><b>97</b><b>39</b></test>
<test><b>49</b><b>58 776</b><b>97</b><b>39</b></test>
<test><b>49</b><b>58</b><b>97</b><b>39 8288</b></test>
<test><b>49</b><b>58 776</b><b>97</b><b>39 8288</b></test>
<test><b>49</b><b>58</b><b>97</b><b>44</b></test>
<test><b>49</b><b>58 776</b><b>97</b><b>44</b></test>
<test><b>49</b><b>58</b><b>49</b><b>58</b></test>
<test><b>49</b><b>58 776</b><b>49</b><b>58</b></test>
<test><b>49</b><b>58</b><b>49</b><b>39</b></test>
<test><b>49</b><b>58 776</b><b>49</b><b>39</b></test>
<test><b>49</b><b>58</b><b>49</b><b>44</b></test>
<test><b>49</b><b>58 776</b><b>49</b><b>44</b></test>
<test><b>49</b><b>58</b><b>49</b><b>46 8288</b></test>
<test><b>49</b><b>58 776</b><b>49</b><b>46 8288</b></test>
<test><b>49</b><b>39</b><b>13</b></test>
<test><b>49</b><b>39 776</b><b>13</b></test>
<test><b>49</b><b>39</b><b>10</b></test>
<test><b>49</b><b>39 776</b><b>10</b></test>
<test><b>49</b><b>39</b><b>12337</b></test>
<test><b>49</b><b>39 776</b><b>12337</b></test>
<test><b>49</b><b>39</b><b>65</b></test>
<test><b>49</b><b>39 776</b><b>65</b></test>
<test><b>49</b><b>39</b><b>58</b></test>
<test><b>49</b><b>39 776</b><b>58</b></test>
<test><b>49</b><b>39</b><b>44</b></test>
<test><b>49</b><b>39 776</b><b>44</b></test>
<test><b>49</b><b>39</b><b>39</b></test>
<test><b>49</b><b>39 776</b><b>39</b></test>
<test><b>49 39 48</b></test>
<test><b>49 39 776 48</b></test>
<test><b>49</b><b>39</b><b>95</b></test>
<test><b>49</b><b>39 776</b><b>95</b></test>
<test><b>49</b><b>39 173</b></test>
<test><b>49</b><b>39 776 173</b></test>
<test><b>49</b><b>39 768</b></test>
<test><b>49</b><b>39 776 768</b></test>
<test><b>49</b><b>39</b><b>97 8288</b></test>
<test><b>49</b><b>39 776</b><b>97 8288</b></test>
<test><b>49</b><b>39</b><b>97</b><b>58</b></test>
<test><b>49</b><b>39 776</b><b>97</b><b>58</b></test>
<test><b>49</b><b>39</b><b>97</b><b>39</b></test>
<test><b>49</b><b>39 776</b><b>97</b><b>39</b></test>
<test><b>49</b><b>39</b><b>97</b><b>39 8288</b></test>
<test><b>49</b><b>39 776</b><b>97</b><b>39 8288</b></test>
<test><b>49</b><b>39</b><b>97</b><b>44</b></test>
<test><b>49</b><b>39 776</b><b>97</b><b>44</b></test>
<test><b>49 39 49</b><b>58</b></test>
<test><b>49 39 776 49</b><b>58</b></test>
<test><b>49 39 49</b><b>39</b></test>
<test><b>49 39 776 49</b><b>39</b></test>
<test><b>49 39 49</b><b>44</b></test>
<test><b>49 39 776 49</b><b>44</b></test>
<test><b>49 39 49</b><b>46 8288</b></test>
<test><b>49 39 776 49</b><b>46 8288</b></test>
<test><b>49</b><b>44</b><b>13</b></test>
<test><b>49</b><b>44 776</b><b>13</b></test>
<test><b>49</b><b>44</b><b>10</b></test>
<test><b>49</b><b>44 776</b><b>10</b></test>
<test><b>49</b><b>44</b><b>12337</b></test>
<test><b>49</b><b>44 776</b><b>12337</b></test>
<test><b>49</b><b>44</b><b>65</b></test>
<test><b>49</b><b>44 776</b><b>65</b></test>
<test><b>49</b><b>44</b><b>58</b></test>
<test><b>49</b><b>44 776</b><b>58</b></test>
<test><b>49</b><b>44</b><b>44</b></test>
<test><b>49</b><b>44 776</b><b>44</b></test>
<test><b>49</b><b>44</b><b>39</b></test>
<test><b>49</b><b>44 776</b><b>39</b></test>
<test><b>49 44 48</b></test>
<test><b>49 44 776 48</b></test>
<test><b>49</b><b>44</b><b>95</b></test>
<test><b>49</b><b>44 776</b><b>95</b></test>
<test><b>49</b><b>44 173</b></test>
<test><b>49</b><b>44 776 173</b></test>
<test><b>49</b><b>44 768</b></test>
<test><b>49</b><b>44 776 768</b></test>
<test><b>49</b><b>44</b><b>97 8288</b></test>
<test><b>49</b><b>44 776</b><b>97 8288</b></test>
<test><b>49</b><b>44</b><b>97</b><b>58</b></test>
<test><b>49</b><b>44 776</b><b>97</b><b>58</b></test>
<test><b>49</b><b>44</b><b>97</b><b>39</b></test>
<test><b>49</b><b>44 776</b><b>97</b><b>39</b></test>
<test><b>49</b><b>44</b><b>97</b><b>39 8288</b></test>
<test><b>49</b><b>44 776</b><b>97</b><b>39 8288</b></test>
<test><b>49</b><b>44</b><b>97</b><b>44</b></test>
<test><b>49</b><b>44 776</b><b>97</b><b>44</b></test>
<test><b>49 44 49</b><b>58</b></test>
<test><b>49 44 776 49</b><b>58</b></test>
<test><b>49 44 49</b><b>39</b></test>
<test><b>49 44 776 49</b><b>39</b></test>
<test><b>49 44 49</b><b>44</b></test>
<test><b>49 44 776 49</b><b>44</b></test>
<test><b>49 44 49</b><b>46 8288</b></test>
<test><b>49 44 776 49</b><b>46 8288</b></test>
<test><b>49</b><b>46 8288</b><b>13</b></test>
<test><b>49</b><b>46 8288 776</b><b>13</b></test>
<test><b>49</b><b>46 8288</b><b>10</b></test>
<test><b>49</b><b>46 8288 776</b><b>10</b></test>
<test><b>49</b><b>46 8288</b><b>12337</b></test>
<test><b>49</b><b>46 8288 776</b><b>12337</b></test>
<test><b>49</b><b>46 8288</b><b>65</b></test>
<test><b>49</b><b>46 8288 776</b><b>65</b></test>
<test><b>49</b><b>46 8288</b><b>58</b></test>
<test><b>49</b><b>46 8288 776</b><b>58</b></test>
<test><b>49</b><b>46 8288</b><b>44</b></test>
<test><b>49</b><b>46 8288 776</b><b>44</b></test>
<test><b>49</b><b>46 8288</b><b>39</b></test>
<test><b>49</b><b>46 8288 776</b><b>39</b></test>
<test><b>49 46 8288 48</b></test>
<test><b>49 46 8288 776 48</b></test>
<test><b>49</b><b>46 8288</b><b>95</b></test>
<test><b>49</b><b>46 8288 776</b><b>95</b></test>
<test><b>49</b><b>46 8288 173</b></test>
<test><b>49</b><b>46 8288 776 173</b></test>
<test><b>49</b><b>46 8288 768</b></test>
<test><b>49</b><b>46 8288 776 768</b></test>
<test><b>49</b><b>46 8288</b><b>97 8288</b></test>
<test><b>49</b><b>46 8288 776</b><b>97 8288</b></test>
<test><b>49</b><b>46 8288</b><b>97</b><b>58</b></test>
<test><b>49</b><b>46 8288 776</b><b>97</b><b>58</b></test>
<test><b>49</b><b>46 8288</b><b>97</b><b>39</b></test>
<test><b>49</b><b>46 8288 776</b><b>97</b><b>39</b></test>
<test><b>49</b><b>46 8288</b><b>97</b><b>39 8288</b></test>
<test><b>49</b><b>46 8288 776</b><b>97</b><b>39 8288</b></test>
<test><b>49</b><b>46 8288</b><b>97</b><b>44</b></test>
<test><b>49</b><b>46 8288 776</b><b>97</b><b>44</b></test>
<test><b>49 46 8288 49</b><b>58</b></test>
<test><b>49 46 8288 776 49</b><b>58</b></test>
<test><b>49 46 8288 49</b><b>39</b></test>
<test><b>49 46 8288 776 49</b><b>39</b></test>
<test><b>49 46 8288 49</b><b>44</b></test>
<test><b>49 46 8288 776 49</b><b>44</b></test>
<test><b>49 46 8288 49</b><b>46 8288</b></test>
<test><b>49 46 8288 776 49</b><b>46 8288</b></test>
<test><b>99 97 110 39 116</b></test>
<test><b>99 97 110 8217 116</b></test>
<test><b>97 98 173 98 121</b></test>
<test><b>97</b><b>36</b><b>45</b><b>51 52 44 53 54 55 46 49 52</b><b>37</b><b>98</b></test>
<test><b>51 97</b></test>
<test><b>8288</b><b>99 8288 97 8288 110 8288 39 8288 116 8288 8288</b></test>
<test><b>8288</b><b>99 8288 97 8288 110 8288 8217 8288 116 8288 8288</b></test>
<test><b>8288</b><b>97 8288 98 8288 173 8288 98 8288 121 8288 8288</b></test>
<test><b>8288</b><b>97 8288</b><b>36 8288</b><b>45 8288</b><b>51 8288 52 8288 44 8288 53 8288 54 8288 55 8288 46 8288 49 8288 52 8288</b><b>37 8288</b><b>98 8288 8288</b></test>
<test><b>8288</b><b>51 8288 97 8288 8288</b></test>
</result>
