<result p="2" a="91" b="8281"/><result p="4" a="77" b="5929"/><result p="6" a="63" b="3969"/><result p="8" a="49" b="2401"/><result p="10" a="35" b="1225"/><result p="12" a="21" b="441"/><result p="14" a="7" b="49"/>