<product rank="1" name="potatoes" sales="2002"/><product rank="2" name="runner beans" sales="602"/><product rank="3" name="tomatoes" sales="500"/><product rank="4" name="aubergine" sales="320"/><product rank="5" name="courgettes" sales="40"/>