<product column="0" name="dwarf beans" store="oxford"/><product column="0" name="tomatoes" store="london"/><product column="0" name="potatoes" store="london"/><product column="1" name="aubergine" store="oxford"/><product column="1" name="courgettes" store="london"/><product column="1" name="runner beans" store="london"/>